// Jest Snapshot v1, https://goo.gl/fbAQLP

exports[`CongressMembers Component Search filtering when input matches none of the data only shows data to match 1`] = `
"Snapshot Diff:
- First value
+ Second value

@@ -29,45 +29,26 @@
        <input
          class=\\"search-filter-input\\"
          data-testid=\\"search-filter\\"
          id=\\"search-filter\\"
          type=\\"text\\"
-         value=\\"\\"
+         value=\\"mno\\"
        />
-     </section>
-     <ul
-       class=\\"congress-members\\"
-       data-testid=\\"members-list\\"
-     >
-       <li>
-         <a
-           class=\\"congress-members-card\\"
-           href=\\"/congress/house/member/1\\"
+       <button
+         class=\\"search-filter-reset\\"
+         data-testid=\\"search-filter-reset\\"
        >
-           <img
-             alt=\\"Professional headshot of abc efg\\"
-             src=\\"https://www.congress.gov/img/member/1.jpg\\"
-           />
-           <label>
-             abc efg
-           </label>
-           Democrat - state
-         </a>
-       </li>
-       <li>
-         <a
-           class=\\"congress-members-card\\"
-           href=\\"/congress/house/member/2\\"
+         Reset
+       </button>
+     </section>
+     <div
+       class=\\"members-no-results\\"
      >
-           <img
-             alt=\\"Professional headshot of uxw xyz\\"
-             src=\\"https://www.congress.gov/img/member/2.jpg\\"
-           />
-           <label>
-             uxw xyz
-           </label>
-           Republican - state
-         </a>
-       </li>
-     </ul>
+       No results for 
+       <strong>
+         <em>
+           mno
+         </em>
+       </strong>
+     </div>
    </section>
  </DocumentFragment>"
`;

exports[`CongressMembers Component Search filtering when input matches subset of the data only shows data to match first name 1`] = `
"Snapshot Diff:
- First value
+ Second value

@@ -29,12 +29,18 @@
        <input
          class=\\"search-filter-input\\"
          data-testid=\\"search-filter\\"
          id=\\"search-filter\\"
          type=\\"text\\"
-         value=\\"\\"
+         value=\\"abc\\"
        />
+       <button
+         class=\\"search-filter-reset\\"
+         data-testid=\\"search-filter-reset\\"
+       >
+         Reset
+       </button>
      </section>
      <ul
        class=\\"congress-members\\"
        data-testid=\\"members-list\\"
      >
@@ -49,25 +55,10 @@
            />
            <label>
              abc efg
            </label>
            Democrat - state
-         </a>
-       </li>
-       <li>
-         <a
-           class=\\"congress-members-card\\"
-           href=\\"/congress/house/member/2\\"
-         >
-           <img
-             alt=\\"Professional headshot of uxw xyz\\"
-             src=\\"https://www.congress.gov/img/member/2.jpg\\"
-           />
-           <label>
-             uxw xyz
-           </label>
-           Republican - state
          </a>
        </li>
      </ul>
    </section>
  </DocumentFragment>"
`;

exports[`CongressMembers Component Search filtering when input matches subset of the data only shows data to match last name 1`] = `
"Snapshot Diff:
- First value
+ Second value

@@ -29,32 +29,23 @@
        <input
          class=\\"search-filter-input\\"
          data-testid=\\"search-filter\\"
          id=\\"search-filter\\"
          type=\\"text\\"
-         value=\\"\\"
+         value=\\"xyz\\"
        />
+       <button
+         class=\\"search-filter-reset\\"
+         data-testid=\\"search-filter-reset\\"
+       >
+         Reset
+       </button>
      </section>
      <ul
        class=\\"congress-members\\"
        data-testid=\\"members-list\\"
      >
-       <li>
-         <a
-           class=\\"congress-members-card\\"
-           href=\\"/congress/house/member/1\\"
-         >
-           <img
-             alt=\\"Professional headshot of abc efg\\"
-             src=\\"https://www.congress.gov/img/member/1.jpg\\"
-           />
-           <label>
-             abc efg
-           </label>
-           Democrat - state
-         </a>
-       </li>
        <li>
          <a
            class=\\"congress-members-card\\"
            href=\\"/congress/house/member/2\\"
          >"
`;

exports[`CongressMembers Component when \`useFetch\` is awaiting promise to resolve displays \`Loading...\` 1`] = `
<section
  className="loader"
>
  <div
    className="loader-wheel"
  />
  <div
    className="loader-text"
  >
    Loading
  </div>
</section>
`;

exports[`CongressMembers Component when \`useFetch\` returns data with 200 status displays data 1`] = `
<section>
  <a
    className="chamber-members"
    href="/congress"
    onClick={[Function]}
  >
    All Congress Data
  </a>
  <h2
    className="congress-header"
  >
    Current 
    Representatives
  </h2>
  <a
    className="chamber-members"
    href="/congress/senate/members"
    onClick={[Function]}
  >
    View Current 
    Senators
  </a>
  <hr />
  <section
    className="search-filter-container"
  >
    <label
      htmlFor="search-filter"
    >
      Search
    </label>
    <input
      className="search-filter-input"
      data-testid="search-filter"
      id="search-filter"
      onChange={[Function]}
      type="text"
      value=""
    />
    
  </section>
  <div
    className="members-no-results"
  >
    No results for
     
    <strong>
      <em>
        
      </em>
    </strong>
  </div>
</section>
`;

exports[`CongressMembers Component when \`useFetch\` returns data with 404 status displays \`Not Found\` 1`] = `
Array [
  <h2>
    Sorry, looks like I couldn't find what you were looking for.
  </h2>,
  <a
    href="/"
    onClick={[Function]}
  >
    Click to return somewhere familiar
  </a>,
]
`;

exports[`CongressMembers Component when \`useFetch\` returns data with 500 status displays error message 1`] = `
<section>
  <h3>
    Whoops! There was a problem loading
     
    Congress Memebers data.
  </h3>
  <p>
    Please reload browser to try again in a little bit.
  </p>
</section>
`;
