// Jest Snapshot v1, https://goo.gl/fbAQLP

exports[`NotFound Component renders correctly 1`] = `
<DocumentFragment>
  <h1>
    Not Found
  </h1>
</DocumentFragment>
`;
